# The verdict of each edge-names case, per target, as `tools/edge_names.py --record` measured
# it with the pack and the runtime at hand. Rewritten on purpose when a fix changes a verdict;
# a line's comment says which defect it is. Outcomes: ok, explicit, silent, viper, kibo.

namespace:union                  cpp=viper     python=viper     typescript=viper
type:union                       cpp=viper     python=viper     typescript=viper
field:union                      cpp=viper     python=viper     typescript=viper
enumeration case:union           cpp=ok        python=ok        typescript=ok
attachment:union                 cpp=explicit  python=ok        typescript=ok  # E: the attachment's name becomes a C++ namespace
pool:union                       cpp=viper     python=viper     typescript=viper
function:union                   cpp=viper     python=viper     typescript=viper
parameter:union                  cpp=viper     python=viper     typescript=viper
namespace:friend                 cpp=viper     python=viper     typescript=viper
type:friend                      cpp=viper     python=viper     typescript=viper
field:friend                     cpp=viper     python=viper     typescript=viper
enumeration case:friend          cpp=ok        python=ok        typescript=ok
attachment:friend                cpp=explicit  python=ok        typescript=ok  # E: the attachment's name becomes a C++ namespace
pool:friend                      cpp=viper     python=viper     typescript=viper
function:friend                  cpp=viper     python=viper     typescript=viper
parameter:friend                 cpp=viper     python=viper     typescript=viper
namespace:operator               cpp=viper     python=viper     typescript=viper
type:operator                    cpp=viper     python=viper     typescript=viper
field:operator                   cpp=viper     python=viper     typescript=viper
enumeration case:operator        cpp=ok        python=ok        typescript=ok
attachment:operator              cpp=explicit  python=ok        typescript=ok  # E: the attachment's name becomes a C++ namespace
pool:operator                    cpp=viper     python=viper     typescript=viper
function:operator                cpp=viper     python=viper     typescript=viper
parameter:operator               cpp=viper     python=viper     typescript=viper
namespace:def                    cpp=viper     python=viper     typescript=viper
type:def                         cpp=viper     python=viper     typescript=viper
field:def                        cpp=viper     python=viper     typescript=viper
enumeration case:def             cpp=ok        python=ok        typescript=ok
attachment:def                   cpp=ok        python=ok        typescript=ok
pool:def                         cpp=viper     python=viper     typescript=viper
function:def                     cpp=viper     python=viper     typescript=viper
parameter:def                    cpp=viper     python=viper     typescript=viper
namespace:lambda                 cpp=viper     python=viper     typescript=viper
type:lambda                      cpp=viper     python=viper     typescript=viper
field:lambda                     cpp=viper     python=viper     typescript=viper
enumeration case:lambda          cpp=ok        python=ok        typescript=ok
attachment:lambda                cpp=ok        python=ok        typescript=ok
pool:lambda                      cpp=viper     python=viper     typescript=viper
function:lambda                  cpp=viper     python=viper     typescript=viper
parameter:lambda                 cpp=viper     python=viper     typescript=viper
namespace:nonlocal               cpp=viper     python=viper     typescript=viper
type:nonlocal                    cpp=viper     python=viper     typescript=viper
field:nonlocal                   cpp=viper     python=viper     typescript=viper
enumeration case:nonlocal        cpp=ok        python=ok        typescript=ok
attachment:nonlocal              cpp=ok        python=ok        typescript=ok
pool:nonlocal                    cpp=viper     python=viper     typescript=viper
function:nonlocal                cpp=viper     python=viper     typescript=viper
parameter:nonlocal               cpp=viper     python=viper     typescript=viper
namespace:async                  cpp=viper     python=viper     typescript=viper
type:async                       cpp=viper     python=viper     typescript=viper
field:async                      cpp=ok        python=ok        typescript=ok
enumeration case:async           cpp=ok        python=ok        typescript=ok
attachment:async                 cpp=ok        python=ok        typescript=ok
pool:async                       cpp=viper     python=viper     typescript=viper
function:async                   cpp=ok        python=ok        typescript=ok
parameter:async                  cpp=viper     python=viper     typescript=viper
namespace:await                  cpp=viper     python=viper     typescript=viper
type:await                       cpp=viper     python=viper     typescript=viper
field:await                      cpp=ok        python=ok        typescript=ok
enumeration case:await           cpp=ok        python=ok        typescript=ok
attachment:await                 cpp=ok        python=ok        typescript=ok
pool:await                       cpp=viper     python=viper     typescript=viper
function:await                   cpp=ok        python=ok        typescript=ok
parameter:await                  cpp=viper     python=viper     typescript=viper
namespace:function               cpp=viper     python=viper     typescript=viper
type:function                    cpp=viper     python=viper     typescript=viper
field:function                   cpp=ok        python=ok        typescript=ok
enumeration case:function        cpp=ok        python=ok        typescript=ok
attachment:function              cpp=ok        python=ok        typescript=ok
pool:function                    cpp=viper     python=viper     typescript=viper
function:function                cpp=ok        python=ok        typescript=ok
parameter:function               cpp=viper     python=viper     typescript=viper
namespace:let                    cpp=viper     python=viper     typescript=viper
type:let                         cpp=viper     python=viper     typescript=viper
field:let                        cpp=ok        python=ok        typescript=ok
enumeration case:let             cpp=ok        python=ok        typescript=ok
attachment:let                   cpp=ok        python=ok        typescript=ok
pool:let                         cpp=viper     python=viper     typescript=viper
function:let                     cpp=ok        python=ok        typescript=ok
parameter:let                    cpp=viper     python=viper     typescript=viper
namespace:typeof                 cpp=viper     python=viper     typescript=viper
type:typeof                      cpp=viper     python=viper     typescript=viper
field:typeof                     cpp=explicit  python=ok        typescript=ok  # E: typeof is a keyword of the GNU C++ dialect; viper does not list it
enumeration case:typeof          cpp=ok        python=ok        typescript=ok
attachment:typeof                cpp=explicit  python=ok        typescript=ok  # E: the attachment's name becomes a C++ namespace
pool:typeof                      cpp=viper     python=viper     typescript=viper
function:typeof                  cpp=explicit  python=ok        typescript=ok  # E: typeof is a keyword of the GNU C++ dialect; viper does not list it
parameter:typeof                 cpp=viper     python=viper     typescript=viper
namespace:class                  cpp=viper     python=viper     typescript=viper
type:class                       cpp=viper     python=viper     typescript=viper
field:class                      cpp=viper     python=viper     typescript=viper
enumeration case:class           cpp=ok        python=ok        typescript=ok
attachment:class                 cpp=explicit  python=ok        typescript=ok  # E: the attachment's name becomes a C++ namespace
pool:class                       cpp=viper     python=viper     typescript=viper
function:class                   cpp=viper     python=viper     typescript=viper
parameter:class                  cpp=viper     python=viper     typescript=viper
namespace:this                   cpp=viper     python=viper     typescript=viper
type:this                        cpp=viper     python=viper     typescript=viper
field:this                       cpp=viper     python=viper     typescript=viper
enumeration case:this            cpp=ok        python=ok        typescript=ok
attachment:this                  cpp=explicit  python=ok        typescript=ok  # E: the attachment's name becomes a C++ namespace
pool:this                        cpp=viper     python=viper     typescript=viper
function:this                    cpp=viper     python=viper     typescript=viper
parameter:this                   cpp=viper     python=viper     typescript=viper
namespace:import                 cpp=viper     python=viper     typescript=viper
type:import                      cpp=viper     python=viper     typescript=viper
field:import                     cpp=viper     python=viper     typescript=viper
enumeration case:import          cpp=ok        python=ok        typescript=ok
attachment:import                cpp=ok        python=ok        typescript=ok
pool:import                      cpp=viper     python=viper     typescript=viper
function:import                  cpp=viper     python=viper     typescript=viper
parameter:import                 cpp=viper     python=viper     typescript=viper
field:wrap_value                 cpp=ok        python=silent    typescript=ok  # D: the field masks a method of the proxy
enumeration case:wrap_value      cpp=ok        python=ok        typescript=ok
attachment:wrap_value            cpp=ok        python=ok        typescript=ok
function:wrap_value              cpp=ok        python=ok        typescript=ok
parameter:wrap_value             cpp=ok        python=ok        typescript=ok
field:unwrap_value               cpp=ok        python=silent    typescript=ok  # D: the field masks a method of the proxy
enumeration case:unwrap_value    cpp=ok        python=ok        typescript=ok
attachment:unwrap_value          cpp=ok        python=ok        typescript=ok
function:unwrap_value            cpp=ok        python=ok        typescript=ok
parameter:unwrap_value           cpp=ok        python=ok        typescript=ok
field:self                       cpp=ok        python=explicit  typescript=ok  # C: the field repeats a parameter of the constructor (duplicate argument)
enumeration case:self            cpp=ok        python=ok        typescript=ok
attachment:self                  cpp=ok        python=ok        typescript=ok
function:self                    cpp=ok        python=ok        typescript=ok
parameter:self                   cpp=ok        python=explicit  typescript=ok  # C: the parameter repeats the method's self (duplicate argument)
field:super                      cpp=ok        python=silent    typescript=ok  # C: the field shadows a name the constructor's body uses
enumeration case:super           cpp=ok        python=ok        typescript=ok
attachment:super                 cpp=ok        python=ok        typescript=ok
function:super                   cpp=ok        python=ok        typescript=ok
parameter:super                  cpp=viper     python=viper     typescript=viper
field:dict                       cpp=ok        python=silent    typescript=ok  # C: the field shadows a name the constructor's body uses
enumeration case:dict            cpp=ok        python=ok        typescript=ok
attachment:dict                  cpp=ok        python=ok        typescript=ok
function:dict                    cpp=ok        python=ok        typescript=ok
parameter:dict                   cpp=ok        python=ok        typescript=ok
field:isinstance                 cpp=ok        python=silent    typescript=ok  # C: the field shadows a name the constructor's body uses
enumeration case:isinstance      cpp=ok        python=ok        typescript=ok
attachment:isinstance            cpp=ok        python=ok        typescript=ok
function:isinstance              cpp=ok        python=ok        typescript=ok
parameter:isinstance             cpp=ok        python=ok        typescript=ok
field:dsviper                    cpp=ok        python=silent    typescript=ok  # C: the field shadows a name the constructor's body uses
enumeration case:dsviper         cpp=ok        python=ok        typescript=ok
attachment:dsviper               cpp=ok        python=ok        typescript=ok
function:dsviper                 cpp=ok        python=ok        typescript=ok
parameter:dsviper                cpp=ok        python=ok        typescript=ok
field:source                     cpp=ok        python=explicit  typescript=ok  # C: the field repeats a parameter of the constructor (duplicate argument)
enumeration case:source          cpp=ok        python=ok        typescript=ok
attachment:source                cpp=ok        python=ok        typescript=ok
function:source                  cpp=ok        python=ok        typescript=ok
parameter:source                 cpp=ok        python=ok        typescript=ok
field:typing                     cpp=ok        python=ok        typescript=ok
enumeration case:typing          cpp=ok        python=ok        typescript=ok
attachment:typing                cpp=ok        python=ok        typescript=ok
function:typing                  cpp=ok        python=ok        typescript=ok
parameter:typing                 cpp=ok        python=silent    typescript=ok  # C: the parameter shadows the module typing in the function's body
field:wrapValue                  cpp=ok        python=silent    typescript=ok  # D: the field masks a method of the proxy
enumeration case:wrapValue       cpp=ok        python=ok        typescript=ok
attachment:wrapValue             cpp=ok        python=ok        typescript=ok
function:wrapValue               cpp=ok        python=ok        typescript=ok
parameter:wrapValue              cpp=ok        python=ok        typescript=ok
field:unwrapValue                cpp=ok        python=silent    typescript=explicit  # D: the field masks the proxy's unwrap_value (Python), meets unwrapValue (TypeScript)
enumeration case:unwrapValue     cpp=ok        python=ok        typescript=ok
attachment:unwrapValue           cpp=ok        python=ok        typescript=ok
function:unwrapValue             cpp=ok        python=ok        typescript=ok
parameter:unwrapValue            cpp=ok        python=ok        typescript=ok
field:equals                     cpp=ok        python=ok        typescript=explicit  # D: the field meets a member of the TypeScript proxy
enumeration case:equals          cpp=ok        python=ok        typescript=ok
attachment:equals                cpp=ok        python=ok        typescript=ok
function:equals                  cpp=ok        python=ok        typescript=ok
parameter:equals                 cpp=ok        python=ok        typescript=ok
field:compare                    cpp=ok        python=ok        typescript=explicit  # D: the field meets a member of the TypeScript proxy
enumeration case:compare         cpp=ok        python=ok        typescript=ok
attachment:compare               cpp=ok        python=ok        typescript=ok
function:compare                 cpp=ok        python=ok        typescript=ok
parameter:compare                cpp=ok        python=ok        typescript=ok
field:hashKey                    cpp=ok        python=ok        typescript=explicit  # D: the field meets a member of the TypeScript proxy
enumeration case:hashKey         cpp=ok        python=ok        typescript=ok
attachment:hashKey               cpp=ok        python=ok        typescript=ok
function:hashKey                 cpp=ok        python=ok        typescript=ok
parameter:hashKey                cpp=ok        python=ok        typescript=ok
field:toJSON                     cpp=ok        python=ok        typescript=explicit  # D: the field meets a member of the TypeScript proxy
enumeration case:toJSON          cpp=ok        python=ok        typescript=ok
attachment:toJSON                cpp=ok        python=ok        typescript=ok
function:toJSON                  cpp=ok        python=ok        typescript=ok
parameter:toJSON                 cpp=ok        python=ok        typescript=ok
field:toString                   cpp=ok        python=ok        typescript=explicit  # D: the field meets a member of the TypeScript proxy
enumeration case:toString        cpp=ok        python=ok        typescript=ok
attachment:toString              cpp=ok        python=ok        typescript=ok
function:toString                cpp=ok        python=ok        typescript=ok
parameter:toString               cpp=ok        python=ok        typescript=ok
field:constructor                cpp=ok        python=ok        typescript=explicit  # D: the field meets a member of the TypeScript proxy
enumeration case:constructor     cpp=ok        python=ok        typescript=ok
attachment:constructor           cpp=ok        python=ok        typescript=explicit  # D: meets the TypeScript class's constructor
function:constructor             cpp=ok        python=ok        typescript=explicit  # D: meets the TypeScript class's constructor
parameter:constructor            cpp=ok        python=ok        typescript=ok
field:type                       cpp=viper     python=viper     typescript=viper
function:type                    cpp=viper     python=viper     typescript=viper
parameter:type                   cpp=viper     python=viper     typescript=viper
field:copy                       cpp=viper     python=viper     typescript=viper
function:copy                    cpp=viper     python=viper     typescript=viper
parameter:copy                   cpp=ok        python=ok        typescript=ok
field:at                         cpp=viper     python=viper     typescript=viper
function:at                      cpp=viper     python=viper     typescript=viper
parameter:at                     cpp=ok        python=ok        typescript=ok
field:set                        cpp=viper     python=viper     typescript=viper
function:set                     cpp=viper     python=viper     typescript=viper
parameter:set                    cpp=viper     python=viper     typescript=viper
namespace:Containers             cpp=kibo      python=kibo      typescript=kibo  # a module of the pack's package: kibo stops (ROOT_MODULES)
pool:Containers                  cpp=kibo      python=kibo      typescript=kibo  # a module of the pack's package: kibo stops (ROOT_MODULES)
namespace:Definitions            cpp=kibo      python=kibo      typescript=kibo  # a module of the pack's package: kibo stops (ROOT_MODULES)
pool:Definitions                 cpp=kibo      python=kibo      typescript=kibo  # a module of the pack's package: kibo stops (ROOT_MODULES)
namespace:Resources              cpp=kibo      python=kibo      typescript=kibo  # a module of the pack's package: kibo stops (ROOT_MODULES)
pool:Resources                   cpp=kibo      python=kibo      typescript=kibo  # a module of the pack's package: kibo stops (ROOT_MODULES)
namespace:Pools                  cpp=kibo      python=kibo      typescript=kibo  # a module of the pack's package: kibo stops (ROOT_MODULES)
pool:Pools                       cpp=kibo      python=kibo      typescript=kibo  # a module of the pack's package: kibo stops (ROOT_MODULES)
namespace:Codec                  cpp=ok        python=ok        typescript=ok  # silent in C++, unseen here: the namespace merges with the pack's codec
pool:Codec                       cpp=ok        python=ok        typescript=ok  # silent in C++, unseen here: the pool's namespace merges with the pack's codec
type:int64                       cpp=ok        python=ok        typescript=ok  # the DSM reads `int64 w` as the primitive: the type changes before any target sees it
type:uuid                        cpp=ok        python=ok        typescript=ok  # the DSM reads `uuid w` as the primitive: the type changes before any target sees it
type:string                      cpp=viper     python=viper     typescript=viper
type:bool                        cpp=viper     python=viper     typescript=viper
type:RGB                         cpp=ok        python=explicit  typescript=explicit  # B: the class and its runtime-id constant share a name
type:E                           cpp=ok        python=explicit  typescript=explicit  # B: the class and its runtime-id constant share a name
type:S                           cpp=ok        python=explicit  typescript=explicit  # B: the class and its runtime-id constant share a name
documentation:quotes             cpp=ok        python=ok        typescript=ok
documentation:backslash          cpp=ok        python=ok        typescript=ok
documentation:ending-quote       cpp=viper     python=viper     typescript=viper  # the DSM cannot write it; the API accepts it and the round trip breaks
documentation:comment-end        cpp=ok        python=ok        typescript=ok
documentation:single-quotes      cpp=ok        python=ok        typescript=ok
no concept:types and no concept  cpp=ok        python=explicit  typescript=explicit  # A: the register( line of a namespace with types and no concept
