# The verdict of each edge-names case, per target, as `tools/edge_names.py --record` measured
# it with the pack and the runtime at hand. Rewritten on purpose when a fix changes a verdict;
# a line's comment says which defect it is. Outcomes: ok, explicit, silent, viper, kibo;
# refused>adapted is the verdict once the project writes [names.<target>.rename].

namespace:union                  cpp=explicit>ok  python=ok        typescript=ok  # a keyword of the target: refused by its compiler or validation; a directive adapts it (step 6)
type:union                       cpp=explicit>ok  python=ok        typescript=ok  # a keyword of the target: refused by its compiler or validation; a directive adapts it (step 6)
field:union                      cpp=explicit>ok  python=ok        typescript=ok  # a keyword of the target: refused by its compiler or validation; a directive adapts it (step 6)
enumeration case:union           cpp=ok        python=ok        typescript=ok
attachment:union                 cpp=explicit>ok  python=ok        typescript=ok  # E: the attachment's name becomes a C++ namespace
pool:union                       cpp=explicit>ok  python=ok        typescript=ok  # a keyword of the target: refused by its compiler or validation; a directive adapts it (step 6)
function:union                   cpp=explicit>ok  python=ok        typescript=ok  # a keyword of the target: refused by its compiler or validation; a directive adapts it (step 6)
parameter:union                  cpp=explicit>ok  python=ok        typescript=ok  # a keyword of the target: refused by its compiler or validation; a directive adapts it (step 6)
namespace:friend                 cpp=explicit>ok  python=ok        typescript=ok  # a keyword of the target: refused by its compiler or validation; a directive adapts it (step 6)
type:friend                      cpp=explicit>ok  python=ok        typescript=ok  # a keyword of the target: refused by its compiler or validation; a directive adapts it (step 6)
field:friend                     cpp=explicit>ok  python=ok        typescript=ok  # a keyword of the target: refused by its compiler or validation; a directive adapts it (step 6)
enumeration case:friend          cpp=ok        python=ok        typescript=ok
attachment:friend                cpp=explicit>ok  python=ok        typescript=ok  # E: the attachment's name becomes a C++ namespace
pool:friend                      cpp=explicit>ok  python=ok        typescript=ok  # a keyword of the target: refused by its compiler or validation; a directive adapts it (step 6)
function:friend                  cpp=explicit>ok  python=ok        typescript=ok  # a keyword of the target: refused by its compiler or validation; a directive adapts it (step 6)
parameter:friend                 cpp=explicit>ok  python=ok        typescript=ok  # a keyword of the target: refused by its compiler or validation; a directive adapts it (step 6)
namespace:operator               cpp=explicit>ok  python=ok        typescript=ok  # a keyword of the target: refused by its compiler or validation; a directive adapts it (step 6)
type:operator                    cpp=explicit>ok  python=ok        typescript=ok  # a keyword of the target: refused by its compiler or validation; a directive adapts it (step 6)
field:operator                   cpp=explicit>ok  python=ok        typescript=ok  # a keyword of the target: refused by its compiler or validation; a directive adapts it (step 6)
enumeration case:operator        cpp=ok        python=ok        typescript=ok
attachment:operator              cpp=explicit>ok  python=ok        typescript=ok  # E: the attachment's name becomes a C++ namespace
pool:operator                    cpp=explicit>ok  python=ok        typescript=ok  # a keyword of the target: refused by its compiler or validation; a directive adapts it (step 6)
function:operator                cpp=explicit>ok  python=ok        typescript=ok  # a keyword of the target: refused by its compiler or validation; a directive adapts it (step 6)
parameter:operator               cpp=explicit>ok  python=ok        typescript=ok  # a keyword of the target: refused by its compiler or validation; a directive adapts it (step 6)
namespace:def                    cpp=ok        python=ok        typescript=ok
type:def                         cpp=ok        python=explicit>ok  typescript=ok  # a keyword of the target: refused by its compiler or validation; a directive adapts it (step 6)
field:def                        cpp=ok        python=ok        typescript=ok
enumeration case:def             cpp=ok        python=ok        typescript=ok
attachment:def                   cpp=ok        python=ok        typescript=ok
pool:def                         cpp=ok        python=ok        typescript=ok
function:def                     cpp=ok        python=ok        typescript=ok
parameter:def                    cpp=ok        python=ok        typescript=ok
namespace:lambda                 cpp=ok        python=ok        typescript=ok
type:lambda                      cpp=ok        python=explicit>ok  typescript=ok  # a keyword of the target: refused by its compiler or validation; a directive adapts it (step 6)
field:lambda                     cpp=ok        python=ok        typescript=ok
enumeration case:lambda          cpp=ok        python=ok        typescript=ok
attachment:lambda                cpp=ok        python=ok        typescript=ok
pool:lambda                      cpp=ok        python=ok        typescript=ok
function:lambda                  cpp=ok        python=ok        typescript=ok
parameter:lambda                 cpp=ok        python=ok        typescript=ok
namespace:nonlocal               cpp=ok        python=ok        typescript=ok
type:nonlocal                    cpp=ok        python=explicit>ok  typescript=ok  # a keyword of the target: refused by its compiler or validation; a directive adapts it (step 6)
field:nonlocal                   cpp=ok        python=ok        typescript=ok
enumeration case:nonlocal        cpp=ok        python=ok        typescript=ok
attachment:nonlocal              cpp=ok        python=ok        typescript=ok
pool:nonlocal                    cpp=ok        python=ok        typescript=ok
function:nonlocal                cpp=ok        python=ok        typescript=ok
parameter:nonlocal               cpp=ok        python=ok        typescript=ok
namespace:async                  cpp=ok        python=ok        typescript=ok
type:async                       cpp=ok        python=explicit>ok  typescript=ok  # a keyword of the target: refused by its compiler or validation; a directive adapts it (step 6)
field:async                      cpp=ok        python=ok        typescript=ok
enumeration case:async           cpp=ok        python=ok        typescript=ok
attachment:async                 cpp=ok        python=ok        typescript=ok
pool:async                       cpp=ok        python=ok        typescript=ok
function:async                   cpp=ok        python=ok        typescript=ok
parameter:async                  cpp=ok        python=ok        typescript=ok
namespace:await                  cpp=ok        python=ok        typescript=ok
type:await                       cpp=ok        python=explicit>ok  typescript=explicit>ok  # a keyword of the target: refused by its compiler or validation; a directive adapts it (step 6)
field:await                      cpp=ok        python=ok        typescript=ok
enumeration case:await           cpp=ok        python=ok        typescript=ok
attachment:await                 cpp=ok        python=ok        typescript=ok
pool:await                       cpp=ok        python=ok        typescript=ok
function:await                   cpp=ok        python=ok        typescript=ok
parameter:await                  cpp=ok        python=ok        typescript=explicit>ok  # a keyword of the target: refused by its compiler or validation; a directive adapts it (step 6)
namespace:function               cpp=ok        python=ok        typescript=explicit>ok  # a keyword of the target: refused by its compiler or validation; a directive adapts it (step 6)
type:function                    cpp=ok        python=ok        typescript=explicit>ok  # a keyword of the target: refused by its compiler or validation; a directive adapts it (step 6)
field:function                   cpp=ok        python=ok        typescript=ok
enumeration case:function        cpp=ok        python=ok        typescript=ok
attachment:function              cpp=ok        python=ok        typescript=ok
pool:function                    cpp=ok        python=ok        typescript=ok
function:function                cpp=ok        python=ok        typescript=ok
parameter:function               cpp=ok        python=ok        typescript=explicit>ok  # a keyword of the target: refused by its compiler or validation; a directive adapts it (step 6)
namespace:let                    cpp=ok        python=ok        typescript=explicit>ok  # a keyword of the target: refused by its compiler or validation; a directive adapts it (step 6)
type:let                         cpp=ok        python=ok        typescript=explicit>ok  # a keyword of the target: refused by its compiler or validation; a directive adapts it (step 6)
field:let                        cpp=ok        python=ok        typescript=ok
enumeration case:let             cpp=ok        python=ok        typescript=ok
attachment:let                   cpp=ok        python=ok        typescript=ok
pool:let                         cpp=ok        python=ok        typescript=explicit>ok  # a keyword of the target: refused by its compiler or validation; a directive adapts it (step 6)
function:let                     cpp=ok        python=ok        typescript=ok
parameter:let                    cpp=ok        python=ok        typescript=explicit>ok  # a keyword of the target: refused by its compiler or validation; a directive adapts it (step 6)
namespace:typeof                 cpp=explicit>ok  python=ok        typescript=explicit>ok  # a keyword of the target: refused by its compiler or validation; a directive adapts it (step 6)
type:typeof                      cpp=explicit>ok  python=ok        typescript=explicit>ok  # a keyword of the target: refused by its compiler or validation; a directive adapts it (step 6)
field:typeof                     cpp=explicit>ok  python=ok        typescript=ok  # E: typeof is a keyword of the GNU C++ dialect; viper does not list it
enumeration case:typeof          cpp=ok        python=ok        typescript=ok
attachment:typeof                cpp=explicit>ok  python=ok        typescript=ok  # E: the attachment's name becomes a C++ namespace
pool:typeof                      cpp=explicit>ok  python=ok        typescript=ok  # a keyword of the target: refused by its compiler or validation; a directive adapts it (step 6)
function:typeof                  cpp=explicit>ok  python=ok        typescript=ok  # E: typeof is a keyword of the GNU C++ dialect; viper does not list it
parameter:typeof                 cpp=explicit>ok  python=ok        typescript=explicit>ok  # a keyword of the target: refused by its compiler or validation; a directive adapts it (step 6)
namespace:class                  cpp=explicit>ok  python=ok        typescript=ok  # a keyword of the target: refused by its compiler or validation; a directive adapts it (step 6)
type:class                       cpp=explicit>ok  python=explicit>ok  typescript=explicit>ok  # a keyword of the target: refused by its compiler or validation; a directive adapts it (step 6)
field:class                      cpp=explicit>ok  python=ok        typescript=ok  # a keyword of the target: refused by its compiler or validation; a directive adapts it (step 6)
enumeration case:class           cpp=ok        python=ok        typescript=ok
attachment:class                 cpp=explicit>ok  python=ok        typescript=ok  # E: the attachment's name becomes a C++ namespace
pool:class                       cpp=explicit>ok  python=ok        typescript=ok  # a keyword of the target: refused by its compiler or validation; a directive adapts it (step 6)
function:class                   cpp=explicit>ok  python=ok        typescript=ok  # a keyword of the target: refused by its compiler or validation; a directive adapts it (step 6)
parameter:class                  cpp=explicit>ok  python=ok        typescript=explicit>ok  # a keyword of the target: refused by its compiler or validation; a directive adapts it (step 6)
namespace:this                   cpp=explicit>ok  python=ok        typescript=explicit>ok  # a keyword of the target: refused by its compiler or validation; a directive adapts it (step 6)
type:this                        cpp=explicit>ok  python=ok        typescript=explicit>ok  # a keyword of the target: refused by its compiler or validation; a directive adapts it (step 6)
field:this                       cpp=explicit>ok  python=ok        typescript=ok  # a keyword of the target: refused by its compiler or validation; a directive adapts it (step 6)
enumeration case:this            cpp=ok        python=ok        typescript=ok
attachment:this                  cpp=explicit>ok  python=ok        typescript=ok  # E: the attachment's name becomes a C++ namespace
pool:this                        cpp=explicit>ok  python=ok        typescript=ok  # a keyword of the target: refused by its compiler or validation; a directive adapts it (step 6)
function:this                    cpp=explicit>ok  python=ok        typescript=ok  # a keyword of the target: refused by its compiler or validation; a directive adapts it (step 6)
parameter:this                   cpp=explicit>ok  python=ok        typescript=explicit>ok  # a keyword of the target: refused by its compiler or validation; a directive adapts it (step 6)
namespace:import                 cpp=ok        python=ok        typescript=ok
type:import                      cpp=ok        python=explicit>ok  typescript=explicit>ok  # a keyword of the target: refused by its compiler or validation; a directive adapts it (step 6)
field:import                     cpp=ok        python=ok        typescript=ok
enumeration case:import          cpp=ok        python=ok        typescript=ok
attachment:import                cpp=ok        python=ok        typescript=ok
pool:import                      cpp=ok        python=ok        typescript=ok
function:import                  cpp=ok        python=ok        typescript=ok
parameter:import                 cpp=ok        python=ok        typescript=explicit>ok  # a keyword of the target: refused by its compiler or validation; a directive adapts it (step 6)
field:wrap_value                 cpp=ok        python=kibo>ok   typescript=ok  # a name the pack's code takes there: kibo refuses it, saying which directive to write; adapted, it generates
enumeration case:wrap_value      cpp=ok        python=ok        typescript=ok
attachment:wrap_value            cpp=ok        python=ok        typescript=ok
function:wrap_value              cpp=ok        python=ok        typescript=ok
parameter:wrap_value             cpp=ok        python=ok        typescript=ok
field:unwrap_value               cpp=ok        python=kibo>ok   typescript=ok  # a name the pack's code takes there: kibo refuses it, saying which directive to write; adapted, it generates
enumeration case:unwrap_value    cpp=ok        python=ok        typescript=ok
attachment:unwrap_value          cpp=ok        python=ok        typescript=ok
function:unwrap_value            cpp=ok        python=ok        typescript=ok
parameter:unwrap_value           cpp=ok        python=ok        typescript=ok
field:self                       cpp=ok        python=ok        typescript=ok  # C, fixed: the field repeats a parameter of the constructor (duplicate argument)
enumeration case:self            cpp=ok        python=ok        typescript=ok
attachment:self                  cpp=ok        python=ok        typescript=ok
function:self                    cpp=ok        python=ok        typescript=ok
parameter:self                   cpp=ok        python=ok        typescript=ok  # C, fixed: the parameter repeats the method's self (duplicate argument)
field:super                      cpp=ok        python=ok        typescript=ok  # C, fixed: the field shadows a name the constructor's body uses
enumeration case:super           cpp=ok        python=ok        typescript=ok
attachment:super                 cpp=ok        python=ok        typescript=ok
function:super                   cpp=ok        python=ok        typescript=ok
parameter:super                  cpp=ok        python=ok        typescript=explicit>ok  # a keyword of the target: refused by its compiler or validation; a directive adapts it (step 6)
field:dict                       cpp=ok        python=ok        typescript=ok  # C, fixed: the field shadows a name the constructor's body uses
enumeration case:dict            cpp=ok        python=ok        typescript=ok
attachment:dict                  cpp=ok        python=ok        typescript=ok
function:dict                    cpp=ok        python=ok        typescript=ok
parameter:dict                   cpp=ok        python=ok        typescript=ok
field:isinstance                 cpp=ok        python=ok        typescript=ok  # C, fixed: the field shadows a name the constructor's body uses
enumeration case:isinstance      cpp=ok        python=ok        typescript=ok
attachment:isinstance            cpp=ok        python=ok        typescript=ok
function:isinstance              cpp=ok        python=ok        typescript=ok
parameter:isinstance             cpp=ok        python=ok        typescript=ok
field:dsviper                    cpp=ok        python=ok        typescript=ok  # C, fixed: the field shadows a name the constructor's body uses
enumeration case:dsviper         cpp=ok        python=ok        typescript=ok
attachment:dsviper               cpp=ok        python=ok        typescript=ok
function:dsviper                 cpp=ok        python=ok        typescript=ok
parameter:dsviper                cpp=ok        python=ok        typescript=ok
field:source                     cpp=ok        python=ok        typescript=ok  # C, fixed: the field repeats a parameter of the constructor (duplicate argument)
enumeration case:source          cpp=ok        python=ok        typescript=ok
attachment:source                cpp=ok        python=ok        typescript=ok
function:source                  cpp=ok        python=ok        typescript=ok
parameter:source                 cpp=ok        python=ok        typescript=ok
field:typing                     cpp=ok        python=ok        typescript=ok
enumeration case:typing          cpp=ok        python=ok        typescript=ok
attachment:typing                cpp=ok        python=ok        typescript=ok
function:typing                  cpp=ok        python=ok        typescript=ok
parameter:typing                 cpp=ok        python=ok        typescript=ok  # C, fixed: the parameter shadows the module typing in the function's body
field:wrapValue                  cpp=ok        python=kibo>ok   typescript=kibo>ok  # a name the pack's code takes there: kibo refuses it, saying which directive to write; adapted, it generates
enumeration case:wrapValue       cpp=ok        python=ok        typescript=ok
attachment:wrapValue             cpp=ok        python=ok        typescript=ok
function:wrapValue               cpp=ok        python=ok        typescript=ok
parameter:wrapValue              cpp=ok        python=ok        typescript=ok
field:unwrapValue                cpp=ok        python=kibo>ok   typescript=kibo>ok  # a name the pack's code takes there: kibo refuses it, saying which directive to write; adapted, it generates
enumeration case:unwrapValue     cpp=ok        python=ok        typescript=ok
attachment:unwrapValue           cpp=ok        python=ok        typescript=ok
function:unwrapValue             cpp=ok        python=ok        typescript=ok
parameter:unwrapValue            cpp=ok        python=ok        typescript=ok
field:equals                     cpp=ok        python=ok        typescript=kibo>ok  # a name the pack's code takes there: kibo refuses it, saying which directive to write; adapted, it generates
enumeration case:equals          cpp=ok        python=ok        typescript=ok
attachment:equals                cpp=ok        python=ok        typescript=ok
function:equals                  cpp=ok        python=ok        typescript=ok
parameter:equals                 cpp=ok        python=ok        typescript=ok
field:compare                    cpp=ok        python=ok        typescript=kibo>ok  # a name the pack's code takes there: kibo refuses it, saying which directive to write; adapted, it generates
enumeration case:compare         cpp=ok        python=ok        typescript=ok
attachment:compare               cpp=ok        python=ok        typescript=ok
function:compare                 cpp=ok        python=ok        typescript=ok
parameter:compare                cpp=ok        python=ok        typescript=ok
field:hashKey                    cpp=ok        python=ok        typescript=kibo>ok  # a name the pack's code takes there: kibo refuses it, saying which directive to write; adapted, it generates
enumeration case:hashKey         cpp=ok        python=ok        typescript=ok
attachment:hashKey               cpp=ok        python=ok        typescript=ok
function:hashKey                 cpp=ok        python=ok        typescript=ok
parameter:hashKey                cpp=ok        python=ok        typescript=ok
field:toJSON                     cpp=ok        python=ok        typescript=kibo>ok  # a name the pack's code takes there: kibo refuses it, saying which directive to write; adapted, it generates
enumeration case:toJSON          cpp=ok        python=ok        typescript=ok
attachment:toJSON                cpp=ok        python=ok        typescript=ok
function:toJSON                  cpp=ok        python=ok        typescript=ok
parameter:toJSON                 cpp=ok        python=ok        typescript=ok
field:toString                   cpp=ok        python=ok        typescript=kibo>ok  # a name the pack's code takes there: kibo refuses it, saying which directive to write; adapted, it generates
enumeration case:toString        cpp=ok        python=ok        typescript=ok
attachment:toString              cpp=ok        python=ok        typescript=ok
function:toString                cpp=ok        python=ok        typescript=ok
parameter:toString               cpp=ok        python=ok        typescript=ok
field:constructor                cpp=ok        python=ok        typescript=kibo>ok  # a name the pack's code takes there: kibo refuses it, saying which directive to write; adapted, it generates
enumeration case:constructor     cpp=ok        python=ok        typescript=ok
attachment:constructor           cpp=ok        python=ok        typescript=kibo>ok  # a name the pack's code takes there: kibo refuses it, saying which directive to write; adapted, it generates
function:constructor             cpp=ok        python=ok        typescript=kibo>ok  # a name the pack's code takes there: kibo refuses it, saying which directive to write; adapted, it generates
parameter:constructor            cpp=ok        python=ok        typescript=ok
field:type                       cpp=ok        python=kibo>ok   typescript=kibo>ok  # a name the pack's code takes there: kibo refuses it, saying which directive to write; adapted, it generates
function:type                    cpp=ok        python=ok        typescript=ok
parameter:type                   cpp=ok        python=ok        typescript=ok
field:copy                       cpp=ok        python=kibo>ok   typescript=kibo>ok  # a name the pack's code takes there: kibo refuses it, saying which directive to write; adapted, it generates
function:copy                    cpp=ok        python=ok        typescript=ok
parameter:copy                   cpp=ok        python=ok        typescript=ok
field:at                         cpp=ok        python=ok        typescript=ok
function:at                      cpp=ok        python=ok        typescript=ok
parameter:at                     cpp=ok        python=ok        typescript=ok
field:set                        cpp=ok        python=ok        typescript=ok
function:set                     cpp=ok        python=ok        typescript=ok
parameter:set                    cpp=ok        python=ok        typescript=ok
namespace:Containers             cpp=ok        python=kibo>ok   typescript=kibo>ok  # a name the pack's code takes there: kibo refuses it, saying which directive to write; adapted, it generates
pool:Containers                  cpp=ok        python=kibo>ok   typescript=kibo>ok  # a name the pack's code takes there: kibo refuses it, saying which directive to write; adapted, it generates
namespace:Definitions            cpp=ok        python=kibo>ok   typescript=kibo>ok  # a name the pack's code takes there: kibo refuses it, saying which directive to write; adapted, it generates
pool:Definitions                 cpp=ok        python=kibo>ok   typescript=kibo>ok  # a name the pack's code takes there: kibo refuses it, saying which directive to write; adapted, it generates
namespace:Resources              cpp=ok        python=kibo>ok   typescript=kibo>ok  # a name the pack's code takes there: kibo refuses it, saying which directive to write; adapted, it generates
pool:Resources                   cpp=ok        python=kibo>ok   typescript=kibo>ok  # a name the pack's code takes there: kibo refuses it, saying which directive to write; adapted, it generates
namespace:Pools                  cpp=ok        python=kibo>ok   typescript=kibo>ok  # a name the pack's code takes there: kibo refuses it, saying which directive to write; adapted, it generates
pool:Pools                       cpp=ok        python=kibo>ok   typescript=kibo>ok  # a name the pack's code takes there: kibo refuses it, saying which directive to write; adapted, it generates
namespace:Codec                  cpp=ok        python=ok        typescript=ok  # silent in C++, unseen here: the namespace merges with the pack's codec
pool:Codec                       cpp=ok        python=ok        typescript=ok  # silent in C++, unseen here: the pool's namespace merges with the pack's codec
type:int64                       cpp=viper     python=viper     typescript=viper  # refused by the DSM since viper's built-in type names: it was read back as the primitive
type:uuid                        cpp=viper     python=viper     typescript=viper  # refused by the DSM since viper's built-in type names: it was read back as the primitive
type:string                      cpp=viper     python=viper     typescript=viper  # refused by the DSM: a built-in type's name
type:bool                        cpp=viper     python=viper     typescript=viper  # refused by the DSM: a built-in type's name
type:RGB                         cpp=ok        python=ok        typescript=ok  # B, fixed: the class and its runtime-id constant share a name
type:E                           cpp=ok        python=ok        typescript=ok  # B, fixed: the class and its runtime-id constant share a name
type:S                           cpp=ok        python=ok        typescript=ok  # B, fixed: the class and its runtime-id constant share a name
documentation:quotes             cpp=ok        python=ok        typescript=ok
documentation:backslash          cpp=ok        python=ok        typescript=ok
documentation:ending-quote       cpp=ok        python=ok        typescript=ok  # fixed: the DSM writes it and reads it back (quotes after the closing delimiter)
documentation:comment-end        cpp=ok        python=ok        typescript=ok
documentation:single-quotes      cpp=ok        python=ok        typescript=ok
no concept:types and no concept  cpp=ok        python=ok        typescript=ok  # A, fixed: the register( line of a namespace with types and no concept
